[1/88] Building CXX object Core/CMakeFiles/ActsCore.dir/src/Seeding2/detail/CandidatesForMiddleSp2.cpp.o
[2/88] Building CXX object Core/CMakeFiles/ActsCore.dir/src/Seeding2/CylindricalSpacePointKDTree.cpp.o
[3/88] Building CXX object Core/CMakeFiles/ActsCore.dir/src/EventData/SeedContainer2.cpp.o
[4/88] Building CXX object Core/CMakeFiles/ActsCore.dir/src/Seeding2/BroadTripletSeedFilter.cpp.o
[5/88] Building CXX object Core/CMakeFiles/ActsCore.dir/src/Seeding2/DoubletSeedFinder.cpp.o
[6/88] Building CXX object Core/CMakeFiles/ActsCore.dir/src/Seeding2/CartesianSpacePointGrid.cpp.o
[7/88] Building CXX object Core/CMakeFiles/ActsCore.dir/src/Seeding2/CylindricalSpacePointGrid2.cpp.o
[8/88] Building CXX object Core/CMakeFiles/ActsCore.dir/src/Seeding2/TripletSeedFinder.cpp.o
[9/88] Building CXX object Core/CMakeFiles/ActsCore.dir/src/EventData/SpacePointContainer2.cpp.o
[10/88] Building CXX object Core/CMakeFiles/ActsCore.dir/src/Seeding2/TripletSeeder.cpp.o
[11/88] Building CXX object Plugins/Root/CMakeFiles/ActsPluginRoot.dir/src/RootSpacePointIo.cpp.o
[12/88] Building CXX object Core/CMakeFiles/ActsCore.dir/src/Vertexing/HoughVertexFinder2.cpp.o
[13/88] Building CXX object Core/CMakeFiles/ActsCore.dir/src/Seeding2/GraphBasedTrackSeeder.cpp.o
[14/88] Linking CXX shared library lib64/libActsCore.so
[15/88] Linking CXX shared library lib64/libActsFatras.so
[16/88] Linking CXX shared library lib64/libActsPluginFpeMonitoring.so
[17/88] Linking CXX shared library lib64/libActsPluginRoot.so
[18/88] Building CXX object Plugins/Json/CMakeFiles/ActsPluginJson.dir/src/Seeding2ConfigJsonConverter.cpp.o
[19/88] Linking CXX shared library lib64/libActsPluginJson.so
[20/88] Building CXX object Examples/Algorithms/TrackFinding/CMakeFiles/ActsExamplesTrackFinding.dir/src/HoughTransformSeeder.cpp.o
[21/88] Building CXX object Examples/Algorithms/TrackFinding/CMakeFiles/ActsExamplesTrackFinding.dir/src/AdaptiveHoughTransformSeeder.cpp.o
[22/88] Building CXX object Examples/Algorithms/TrackFinding/CMakeFiles/ActsExamplesTrackFinding.dir/src/TrackParamsEstimationAlgorithm.cpp.o
[23/88] Building CXX object Examples/Algorithms/TrackFinding/CMakeFiles/ActsExamplesTrackFinding.dir/src/GridTripletSeedingAlgorithm.cpp.o
[24/88] Building CXX object Examples/Algorithms/TrackFinding/CMakeFiles/ActsExamplesTrackFinding.dir/src/GraphBasedSeedingAlgorithm.cpp.o
[25/88] Building CXX object Examples/Algorithms/TrackFinding/CMakeFiles/ActsExamplesTrackFinding.dir/src/TrackFindingAlgorithmFunction.cpp.o
[26/88] Building CXX object Examples/Algorithms/TrackFinding/CMakeFiles/ActsExamplesTrackFinding.dir/src/SpacePointMaker.cpp.o
[27/88] Building CXX object Examples/Algorithms/TrackFinding/CMakeFiles/ActsExamplesTrackFinding.dir/src/OrthogonalTripletSeedingAlgorithm.cpp.o
[28/88] Building CXX object Examples/Algorithms/Utilities/CMakeFiles/ActsExamplesUtilities.dir/src/ProtoTracksToSeeds.cpp.o
[29/88] Building CXX object Examples/Algorithms/Vertexing/CMakeFiles/ActsExamplesVertexing.dir/src/HoughVertexFinderAlgorithm.cpp.o
[30/88] Building CXX object Examples/Algorithms/Utilities/CMakeFiles/ActsExamplesUtilities.dir/src/SeedsToProtoTracks.cpp.o
[31/88] Building CXX object Examples/Io/Csv/CMakeFiles/ActsExamplesIoCsv.dir/src/CsvSpacePointReader.cpp.o
[32/88] Building CXX object Examples/Framework/CMakeFiles/ActsExamplesFramework.dir/src/Utilities/EventDataTransforms.cpp.o
[33/88] Building CXX object Examples/Io/Csv/CMakeFiles/ActsExamplesIoCsv.dir/src/CsvProtoTrackWriter.cpp.o
[34/88] Building CXX object Examples/Algorithms/TruthTracking/CMakeFiles/ActsExamplesTruthTracking.dir/ActsExamples/TruthTracking/TruthSeedingAlgorithm.cpp.o
[35/88] Linking CXX shared library lib64/libActsExamplesFramework.so
[36/88] Linking CXX shared library lib64/libActsExamplesPropagation.so
[37/88] Building CXX object Examples/Algorithms/TrackFinding/CMakeFiles/ActsExamplesTrackFinding.dir/src/TrackFindingAlgorithm.cpp.o
[38/88] Linking CXX shared library lib64/libActsExamplesDigitization.so
[39/88] Linking CXX shared library lib64/libActsExamplesMaterialMapping.so
[40/88] Linking CXX shared library lib64/libActsExamplesPrinters.so
[41/88] Linking CXX shared library lib64/libActsExamplesTruthTracking.so
[42/88] Linking CXX shared library lib64/libActsExamplesAmbiguityResolution.so
[43/88] Linking CXX shared library lib64/libActsExamplesVertexing.so
[44/88] Linking CXX shared library lib64/libActsExamplesHelloWorld.so
[45/88] Linking CXX shared library lib64/libActsExamplesMagneticField.so
[46/88] Linking CXX shared library lib64/libActsExamplesDetectorsCommon.so
[47/88] Linking CXX shared library lib64/libActsExamplesFatras.so
[48/88] Linking CXX shared library lib64/libActsExamplesTrackFinding.so
[49/88] Linking CXX shared library lib64/libActsExamplesDetectorGeneric.so
[50/88] Linking CXX shared library lib64/libActsExamplesTrackFitting.so
[51/88] Linking CXX shared library lib64/libActsExamplesDetectorTelescope.so
[52/88] Building CXX object Examples/Algorithms/Utilities/CMakeFiles/ActsExamplesUtilities.dir/src/ProtoTracksToParameters.cpp.o
[53/88] Linking CXX shared library lib64/libActsExamplesDetectorTGeo.so
[54/88] Linking CXX shared library lib64/libActsExamplesUtilities.so
[55/88] Linking CXX shared library lib64/libActsExamplesIoJson.so
[56/88] Linking CXX shared library lib64/libActsExamplesIoHepMC3.so
[57/88] Linking CXX shared library lib64/libActsExamplesGenerators.so
[58/88] Linking CXX shared library lib64/libActsExamplesIoObj.so
[59/88] Building CXX object Examples/Io/Csv/CMakeFiles/ActsExamplesIoCsv.dir/src/CsvSpacePointWriter.cpp.o
[60/88] Linking CXX shared library lib64/libActsExamplesGeneratorsPythia8.so
[61/88] Building CXX object Examples/Io/Csv/CMakeFiles/ActsExamplesIoCsv.dir/src/CsvSeedWriter.cpp.o
[62/88] Linking CXX shared library lib64/libActsExamplesIoCsv.so
[63/88] Building CXX object Examples/Io/Root/CMakeFiles/ActsExamplesIoRoot.dir/src/RootSeedWriter.cpp.o
[64/88] Building CXX object Examples/Io/Root/CMakeFiles/ActsExamplesIoRoot.dir/src/RootSpacePointWriter.cpp.o
[65/88] Building CXX object Python/Core/CMakeFiles/ActsPythonBindings.dir/src/EventData.cpp.o
[66/88] Building CXX object Examples/Io/Root/CMakeFiles/ActsExamplesIoRoot.dir/src/OwnedSeedingDataset.cpp.o
[67/88] Building CXX object Python/Examples/CMakeFiles/ActsExamplesPythonBindings.dir/src/EventData.cpp.o
[68/88] Building CXX object Examples/Io/Root/CMakeFiles/ActsExamplesIoRoot.dir/src/RootAthenaDumpReader.cpp.o
[69/88] Linking CXX shared library lib64/libActsExamplesIoRoot.so
[70/88] Linking CXX shared library lib64/libActsPythonUtilities.so
[71/88] Building CXX object Python/Examples/CMakeFiles/ActsExamplesPythonBindings.dir/src/Vertexing.cpp.o
[72/88] Building CXX object Python/Examples/CMakeFiles/ActsExamplesPythonBindings.dir/src/TruthTracking.cpp.o
[73/88] Linking CXX shared module python/acts/ActsPluginsPythonBindingsJson.cpython-39-x86_64-linux-gnu.so
[74/88] Building CXX object Python/Examples/CMakeFiles/ActsExamplesPythonBindings.dir/src/Input.cpp.o
[75/88] Linking CXX shared module python/acts/ActsFatrasPythonBindings.cpython-39-x86_64-linux-gnu.so
[76/88] Linking CXX shared module python/acts/examples/ActsExamplesPythonBindingsPythia8.cpython-39-x86_64-linux-gnu.so
[77/88] Linking CXX shared module python/acts/examples/ActsExamplesPythonBindingsJson.cpython-39-x86_64-linux-gnu.so
[78/88] Linking CXX shared module python/acts/examples/ActsExamplesPythonBindingsHepMC3.cpython-39-x86_64-linux-gnu.so
[79/88] Linking CXX shared module python/acts/examples/ActsExamplesPythonBindingsTGeo.cpython-39-x86_64-linux-gnu.so
[80/88] Linking CXX shared module python/acts/ActsPluginsPythonBindingsTGeo.cpython-39-x86_64-linux-gnu.so
[81/88] Linking CXX shared module python/acts/ActsPluginsPythonBindingsRoot.cpython-39-x86_64-linux-gnu.so
[82/88] Building CXX object Python/Examples/CMakeFiles/ActsExamplesPythonBindings.dir/src/TrackFinding.cpp.o
[83/88] Building CXX object Python/Examples/CMakeFiles/ActsExamplesPythonBindings.dir/src/Utilities.cpp.o
[84/88] Building CXX object Python/Examples/CMakeFiles/ActsExamplesPythonBindings.dir/src/Output.cpp.o
[85/88] Linking CXX shared module python/acts/examples/ActsExamplesPythonBindings.cpython-39-x86_64-linux-gnu.so
[86/88] Building CXX object Python/Examples/CMakeFiles/ActsExamplesPythonBindingsRoot.dir/src/plugins/Root.cpp.o
[87/88] Linking CXX shared module python/acts/examples/ActsExamplesPythonBindingsRoot.cpython-39-x86_64-linux-gnu.so
[88/88] Linking CXX shared module python/acts/ActsPythonBindings.cpython-39-x86_64-linux-gnu.so
